***** External Functions *****
1    AdminAskPath                                       isrt.obl(ISRTScriptDialogs.obs)
2    AllFeaturesDeselected                              iswi.obl(CompHelperFuncs.obs)
3    CHECK_RETURN                                       iswi.obl(ErrHandler.obs)
4    ChangeDirectory                                    isrt.obl(Files.obs)
5    CloseFile                                          isrt.obl(Files.obs)
6    CmdGetHwndDlg                                      isrt.obl(CustomDialog.obs)
7    ComponentCompareSizeRequired                       isrt.obl(component.obs)
8    ComponentErrorInfo                                 isrt.obl(component.obs)
9    ComponentGetData                                   isrt.obl(component.obs)
10   ComponentGetTotalCost                              isrt.obl(component.obs)
11   ComponentIsItemSelected                            isrt.obl(component.obs)
12   ComponentListItems                                 isrt.obl(component.obs)
13   ComponentReinstall                                 isrt.obl(component.obs)
14   ComponentRemoveAll                                 isrt.obl(component.obs)
15   ComponentSaveTarget                                isrt.obl(component.obs)
16   ComponentSelectItem                                isrt.obl(component.obs)
17   ComponentTransferData                              isrt.obl(component.obs)
18   ComponentTreeInit                                  isrt.obl(Dialogs.obs)
19   CreateDir                                          isrt.obl(Files.obs)
20   CreateFile                                         isrt.obl(Files.obs)
21   CreateInstallationInfo                             isrt.obl(Registry.obs)
22   CtrlGetCurSel                                      isrt.obl(CustomDialog.obs)
23   CtrlGetDlgItem                                     isrt.obl(CustomDialog.obs)
24   CtrlGetNotificationCode                            isrt.obl(CustomDialog.obs)
25   CtrlGetState                                       isrt.obl(CustomDialog.obs)
26   CtrlGetSubCommand                                  isrt.obl(CustomDialog.obs)
27   CtrlGetText                                        isrt.obl(CustomDialog.obs)
28   CtrlSelectText                                     isrt.obl(CustomDialog.obs)
29   CtrlSetCurSel                                      isrt.obl(CustomDialog.obs)
30   CtrlSetList                                        isrt.obl(CustomDialog.obs)
31   CtrlSetState                                       isrt.obl(CustomDialog.obs)
32   CtrlSetText                                        isrt.obl(CustomDialog.obs)
33   DefineDialog                                       isrt.obl(CustomDialog.obs)
34   DeleteFile                                         isrt.obl(Files.obs)
35   DeleteSingleFile                                   isrt.obl(Files.obs)
36   DialogSetDefaultFont                               isrt.obl(Dialogs.obs)
37   DialogSetFont                                      isrt.obl(Dialogs.obs)
38   DialogSetInfo                                      isrt.obl(Dialogs.obs)
39   Disable                                            isrt.obl(Enable.obs)
40   DllSizeOf                                          isrt.obl(Str.obs)
41   Do                                                 isrt.obl(Misc.obs)
42   Enable                                             isrt.obl(Enable.obs)
43   EndCurrentDialog                                   isrt.obl(Dialogs.obs)
44   EndDialog                                          isrt.obl(CustomDialog.obs)
45   ExistsDir                                          isrt.obl(Files.obs)
46   EzDefineDialog                                     isrt.obl(CustomDialog.obs)
47   FeatureCompareSizeRequired                         iswi.obl(FeatureConv.obs)
48   FeatureErrorInfo                                   iswi.obl(ComponentConv.obs)
49   FeatureFilterLanguage                              iswi.obl(FeatureConv.obs)
50   FeatureFilterOS                                    iswi.obl(FeatureConv.obs)
51   FeatureGetData                                     iswi.obl(ComponentConv.obs)
52   FeatureGetTotalCost                                iswi.obl(FeatureConv.obs)
53   FeatureIsItemSelected                              iswi.obl(ComponentConv.obs)
54   FeatureListItems                                   iswi.obl(ComponentConv.obs)
55   FeatureReinstall                                   iswi.obl(ComponentConv.obs)
56   FeatureRemoveAll                                   iswi.obl(ComponentConv.obs)
57   FeatureSaveTarget                                  iswi.obl(FeatureConv.obs)
58   FeatureSelectItem                                  iswi.obl(ComponentConv.obs)
59   FeatureSetupTypeSet                                iswi.obl(ComponentConv.obs)
60   FeatureStandardSetupTypeSet                        iswi.obl(FeatureConv.obs)
61   FeatureTransferData                                iswi.obl(ComponentConv.obs)
62   FeaturesInstalled                                  iswi.obl(FileTransferFuncsConv.obs)
63   FeaturesInstalling                                 iswi.obl(FileTransferFuncsConv.obs)
64   FillLists                                          isrt.obl(ISRTScriptDialogs.obs)
65   FindFile                                           isrt.obl(Files.obs)
66   FormatMessage                                      isrt.obl(Misc.obs)
67   GDI32.CreateRectRgn                                Setup.obs
68   GDI32.GetDeviceCaps                                Setup.obs
69   GeneratedMSIScript                                 iswi.obl(FileTransferFuncsConv.obs)
70   GeneratingMSIScript                                iswi.obl(FileTransferFuncsConv.obs)
71   GetBasicMSI                                        isrt.obl(SysVars.obs)
72   GetBillboard                                       isrt.obl(SysVars.obs)
73   GetCompItemList                                    iswi.obl(CompHelperFuncs.obs)
74   GetComponentsFeatures                              iswi.obl(CompHelperFuncs.obs)
75   GetCurrentDialogName                               isrt.obl(Dialogs.obs)
76   GetCurrentDir                                      isrt.obl(Files.obs)
77   GetDialogTitle                                     isrt.obl(Dialogs.obs)
78   GetDir                                             isrt.obl(Str.obs)
79   GetDisk                                            isrt.obl(Str.obs)
80   GetDiskSpace                                       isrt.obl(GSI.obs)
81   GetDiskSpaceEx                                     isrt.obl(GSI.obs)
82   GetEnabledIServices                                isrt.obl(SysVars.obs)
83   GetExtents                                         isrt.obl(GSI.obs)
84   GetFolderApplications                              isrt.obl(SysVars.obs)
85   GetFolderApplications64                            isrt.obl(SysVars.obs)
86   GetFolderDotNet10                                  isrt.obl(SysVars.obs)
87   GetFolderDotNet11                                  isrt.obl(SysVars.obs)
88   GetFolderDotNet20                                  isrt.obl(SysVars.obs)
89   GetISRes                                           isrt.obl(SysVars.obs)
90   GetInstallScriptMSIEEUI                            isrt.obl(SysVars.obs)
91   GetKeyPathWinCurrVerAuto                           isrt.obl(SysVars.obs)
92   GetMSIFeatureName                                  iswi.obl(CompHelperFuncs.obs)
93   GetMaintenance                                     iswi.obl(ISWiInit.obs)
94   GetMsiFeaturePath                                  iswi.obl(CompHelperFuncs.obs)
95   GetMsiNameFromAliasTable                           iswi.obl(CompHelperFuncs.obs)
96   GetOpenFileMode                                    isrt.obl(Files.obs)
97   GetPackageLocation                                 isrt.obl(SysVars.obs)
98   GetPlatformList                                    iswi.obl(CompHelperFuncs.obs)
99   GetProductGUID                                     iswi.obl(ISWiInit.obs)
100  GetProfString                                      isrt.obl(Profile.obs)
101  GetReinstallMode                                   isrt.obl(SysVars.obs)
102  GetRemoveAllMode                                   isrt.obl(SysVars.obs)
103  GetRemoveOnly                                      isrt.obl(SysVars.obs)
104  GetSelectedTreeComponent                           isrt.obl(CmptView.obs)
105  GetStandardSelectedLanguage                        isrt.obl(SysVars.obs)
106  GetSupportDir                                      isrt.obl(SysVars.obs)
107  GetSystemInfo                                      isrt.obl(GSI.obs)
108  GetTempFolder                                      isrt.obl(SysVars.obs)
109  GetUserSelectableAuto                              isrt.obl(SysVars.obs)
110  GetValidDrivesList                                 isrt.obl(GSI.obs)
111  GetWinDir                                          isrt.obl(SysVars.obs)
112  GetWinSysDir                                       isrt.obl(SysVars.obs)
113  GetWindowHandle                                    iswi.obl(MiscConv.obs)
114  HIWORD                                             isrt.obl(Misc.obs)
115  ISDeterminePlatform                                isrt.obl(OsInfo.obs)
116  ISMIF32.InstallStatusMIF                           isrt.obl(MIF.obs)
117  ISRT.ComponentViewSetInfoEx                        isrt.obl(Dialogs.obs)
118  ISRT.EnableHourGlass                               isrt.obl(Enable.obs)
119  ISRT.GetCPUType                                    isrt.obl(GSI.obs)
120  ISRT.GetFontSub                                    isrt.obl(Dialogs.obs)
121  ISRT.GetHandle                                     Setup.obs
122  ISRT.GetPorts                                      isrt.obl(GSI.obs)
123  ISRT.IsEmpty                                       Setup.obs
124  ISRT.IsNTAdmin                                     isrt.obl(Is.obs)
125  ISRT.IsObject                                      Setup.obs
126  ISRT.IsPowerUser                                   isrt.obl(Is.obs)
127  ISRT.LangLoadString                                isrt.obl(SDINT.obs)
128  ISRT.MessageBeepP                                  Setup.obs
129  ISRT.PathCompactPathPixel                          isrt.obl(CustomDialog.obs)
130  ISRT.PathGetDir                                    isrt.obl(Str.obs)
131  ISRT.PathGetDrive                                  isrt.obl(Str.obs)
132  ISRT.PathGetFile                                   isrt.obl(Files.obs)
133  ISRT.PathGetFileExt                                isrt.obl(Str.obs)
134  ISRT.PathGetFileName                               isrt.obl(Str.obs)
135  ISRT.PathGetPath                                   isrt.obl(Str.obs)
136  ISRT.PathIsValidSyntax                             isrt.obl(Is.obs)
137  ISRT.VerGetFileVersion                             Setup.obs
138  ISRT._BrowseForFolder                              isrt.obl(ISRTScriptDialogsPriv.obs)
139  ISRT._CloseFile                                    isrt.obl(Files.obs)
140  ISRT._CmdGetHwndDlg                                isrt.obl(CustomDialog.obs)
141  ISRT._ComponentCompareSizeRequired                 iswi.obl(FeatureConv.obs)
142  ISRT._ComponentFilterLanguage                      iswi.obl(FeatureConv.obs)
143  ISRT._ComponentFilterOS                            iswi.obl(FeatureConv.obs)
144  ISRT._ComponentGetTotalCost                        iswi.obl(FeatureConv.obs)
145  ISRT._ComponentGetTotalCostEx                      Setup.obs
146  ISRT._ComponentSaveTarget                          iswi.obl(FeatureConv.obs)
147  ISRT._CreateDir                                    isrt.obl(Files.obs)
148  ISRT._CtrlGetNotificationCode                      isrt.obl(CustomDialog.obs)
149  ISRT._CtrlGetParentWindowHelper                    iswi.obl(MiscConv.obs)
150  ISRT._CtrlGetSubCommand                            isrt.obl(CustomDialog.obs)
151  ISRT._CtrlSetHtmlContent                           isrt.obl(CustomDialog.obs)
152  ISRT._DefineDialog                                 isrt.obl(CustomDialog.obs)
153  ISRT._DialogSetFont                                isrt.obl(Dialogs.obs)
154  ISRT._DisableStatus                                isrt.obl(Enable.obs)
155  ISRT._DoSprintf                                    iswi.obl(HelperFuncs.obs)
156  ISRT._EnableDialogCache                            isrt.obl(Enable.obs)
157  ISRT._EnablePrevDialog                             Setup.obs
158  ISRT._EnableSkins                                  isrt.obl(Enable.obs)
159  ISRT._EnableStatus                                 isrt.obl(Enable.obs)
160  ISRT._EnableWow64FsRedirection                     isrt.obl(Enable.obs)
161  ISRT._EndDialog                                    isrt.obl(CustomDialog.obs)
162  ISRT._ExistsDir                                    isrt.obl(Files.obs)
163  ISRT._ExistsFile                                   isrt.obl(Files.obs)
164  ISRT._FloatingPointOperation                       Setup.obs
165  ISRT._GetCurrentDialogName                         isrt.obl(Dialogs.obs)
166  ISRT._GetDiskSpaceEx                               isrt.obl(GSI.obs)
167  ISRT._GetDiskSpaceExEx                             Setup.obs
168  ISRT._GetGlobalMemorySize                          isrt.obl(GSI.obs)
169  ISRT._GetProcessorInfo                             isrt.obl(OsInfo.obs)
170  ISRT._GetSelectedTreeComponent                     isrt.obl(CmptView.obs)
171  ISRT._GetStandardLangId                            isrt.obl(Misc.obs)
172  ISRT._GetSupportDir                                isrt.obl(SysVars.obs)
173  ISRT._GetVirtualMachineType                        isrt.obl(GSI.obs)
174  ISRT._IsFontTypefaceNameAvailable                  isrt.obl(Is.obs)
175  ISRT._IsInAdminGroup                               isrt.obl(Is.obs)
176  ISRT._IsLangSupported                              isrt.obl(Is.obs)
177  ISRT._IsSkinLoaded                                 isrt.obl(Is.obs)
178  ISRT._IsVirtualMachine                             isrt.obl(OsInfo.obs)
179  ISRT._IsWindowsME                                  isrt.obl(GSI.obs)
180  ISRT._IsWow64                                      isrt.obl(OsInfo.obs)
181  ISRT._ListAddItem                                  isrt.obl(scrlist.obs)
182  ISRT._ListAddString                                isrt.obl(scrlist.obs)
183  ISRT._ListCount                                    isrt.obl(scrlist.obs)
184  ISRT._ListCreate                                   isrt.obl(scrlist.obs)
185  ISRT._ListCurrentString                            isrt.obl(scrlist.obs)
186  ISRT._ListDeleteItem                               isrt.obl(scrlist.obs)
187  ISRT._ListDeleteString                             isrt.obl(scrlist.obs)
188  ISRT._ListDestroy                                  isrt.obl(scrlist.obs)
189  ISRT._ListFindItem                                 isrt.obl(scrlist.obs)
190  ISRT._ListFindString                               isrt.obl(scrlist.obs)
191  ISRT._ListGetFirstItem                             isrt.obl(scrlist.obs)
192  ISRT._ListGetFirstString                           isrt.obl(scrlist.obs)
193  ISRT._ListGetNextItem                              isrt.obl(scrlist.obs)
194  ISRT._ListGetNextString                            isrt.obl(scrlist.obs)
195  ISRT._ListGetType                                  isrt.obl(scrlist.obs)
196  ISRT._ListSetIndex                                 isrt.obl(scrlist.obs)
197  ISRT._MediaGetFilteringInfo                        iswi.obl(FeatureConv.obs)
198  ISRT._MediaGetInfo                                 iswi.obl(FeatureConv.obs)
199  ISRT._OpenFile                                     isrt.obl(Files.obs)
200  ISRT._Preprogram                                   Setup.obs
201  ISRT._RegCreateKey                                 isrt.obl(Registry.obs)
202  ISRT._RegEnableTextSubs                            isrt.obl(Enable.obs)
203  ISRT._RegGetOptions                                isrt.obl(SysVars.obs)
204  ISRT._RegIsRemoteRegConnected                      isrt.obl(Is.obs)
205  ISRT._RegQueryKeyBinaryValue                       isrt.obl(Registry.obs)
206  ISRT._RegQueryKeyValue                             isrt.obl(Registry.obs)
207  ISRT._RegSetOptions                                isrt.obl(SysVars.obs)
208  ISRT._ReleaseDialog                                isrt.obl(CustomDialog.obs)
209  ISRT._SdShowMsg                                    isrt.obl(ISRTScriptDialogsPriv.obs)
210  ISRT._SetAltMainImage                              isrt.obl(Dialogs.obs)
211  ISRT._SetDisplayEffect                             isrt.obl(ui.obs)
212  ISRT._SetSilentSdShowMsg                           isrt.obl(Enable.obs)
213  ISRT._SetTitle                                     isrt.obl(ui.obs)
214  ISRT._SetupTraceWrite                              isrt.obl(Misc.obs)
215  ISRT._TreeViewCreate                               isrt.obl(CmptView.obs)
216  ISRT._WaitOnDialog                                 isrt.obl(CustomDialog.obs)
217  ISRT._WriteLine                                    isrt.obl(Files.obs)
218  ISRT.__CreateObjectContext                         isrt.obl(ISRTInit.obs)
219  ISRT.__GetCmdLineOptions                           isrt.obl(ISRTInit.obs)
220  ISRT.__GetContextGUID                              isrt.obl(ISRTInit.obs)
221  ISRT.__GetEnabledIServices                         isrt.obl(SysVars.obs)
222  ISRT.__GetFileRegistrar                            isrt.obl(ISRTInit.obs)
223  ISRT.__GetISMSIStringTableObj                      iswi.obl(ISWiInit.obs)
224  ISRT.__GetInfo                                     isrt.obl(ISRTInit.obs)
225  ISRT.__GetInstallGuid                              isrt.obl(SysVars.obs)
226  ISRT.__GetLogDB                                    isrt.obl(ISRTInit.obs)
227  ISRT.__GetMainWindow                               Setup.obs
228  ISRT.__GetMaintOption                              isrt.obl(SysVars.obs)
229  ISRT.__GetMaintenanceMode                          isrt.obl(SysVars.obs)
230  ISRT.__GetObjects                                  isrt.obl(ISRTInit.obs)
231  ISRT.__GetProductGuid                              isrt.obl(SysVars.obs)
232  ISRT.__GetProgress                                 Setup.obs
233  ISRT.__GetReboot                                   isrt.obl(ISRTInit.obs)
234  ISRT.__GetReinstallMode                            isrt.obl(SysVars.obs)
235  ISRT.__GetRemoveAllMode                            isrt.obl(SysVars.obs)
236  ISRT.__GetTextSub                                  isrt.obl(ISRTInit.obs)
237  ISRT.__GetUpdateMode                               isrt.obl(SysVars.obs)
238  ISRT.__PutEnabledIServices                         isrt.obl(Enable.obs)
239  ISRT.__ReleaseObjectContext                        isrt.obl(ISRTInit.obs)
240  ISRT.__RestoreMainLog                              isrt.obl(ISRTInit.obs)
241  ISRT.__RestoreMainLogEx                            isrt.obl(ISRTInit.obs)
242  ISRT.__SetComponentLog                             isrt.obl(ISRTInit.obs)
243  ISRT.__SetUpdateMode                               isrt.obl(SysVars.obs)
244  ISRTHandleScriptException                          isrt.obl(Misc.obs)
245  ISRTPreprogram                                     isrt.obl(Driver.obs)
246  ISSQLSRV.ISSQLQueryDatabases2                      Setup.obs
247  ISSQLSRV.ISSQLServerGetConnectionAuthentication    Setup.obs
248  ISSQLSRV.ISSQLServerGetConnectionInfo              Setup.obs
249  ISSQLSRV.ISSQLServerGetConnections                 Setup.obs
250  ISSQLSRV.ISSQLServerListConv2                      Setup.obs
251  ISSQLSRV.ISSQLServerPutConnectionAuthentication    Setup.obs
252  ISSQLSRV.ISSQLServerPutConnectionInfo              Setup.obs
253  ISSQLSRV.ISSQLServerPutConnectionInfo2             Setup.obs
254  ISSQLSRV.ISSQLServerTestConnection                 Setup.obs
255  ISSQLSRV.ISSQLServerValidate                       Setup.obs
256  ISWIOnAppSearch                                    iswi.obl(DriverConv.obs)
257  ISWIOnCCPSearch                                    iswi.obl(DriverConv.obs)
258  ISWIOnExitInstall                                  iswi.obl(DriverConv.obs)
259  ISWIOnFirstUIAfter                                 iswi.obl(DriverConv.obs)
260  ISWIOnFirstUIBefore                                iswi.obl(DriverConv.obs)
261  ISWIOnInitInstall                                  iswi.obl(DriverConv.obs)
262  ISWIOnMaintUIAfter                                 iswi.obl(DriverConv.obs)
263  ISWIOnMaintUIBefore                                iswi.obl(DriverConv.obs)
264  ISWIOnMoveData                                     iswi.obl(DriverConv.obs)
265  ISWIOnMoveDataPostInstall                          iswi.obl(DriverConv.obs)
266  ISWIOnMoveDataPreInstall                           iswi.obl(DriverConv.obs)
267  ISWIOnResumeUIAfter                                iswi.obl(DriverConv.obs)
268  ISWIOnResumeUIBefore                               iswi.obl(DriverConv.obs)
269  ISWIPostprogram                                    iswi.obl(DriverConv.obs)
270  ISWIPreprogram                                     iswi.obl(DriverConv.obs)
271  InstallFilesActionAfter                            iswi.obl(FileTransferFuncsConv.obs)
272  InstallFilesActionBefore                           iswi.obl(FileTransferFuncsConv.obs)
273  Is                                                 isrt.obl(Is.obs)
274  IsComponentFiltered                                iswi.obl(CompHelperFuncs.obs)
275  IsTestSetup                                        iswi.obl(HelperFuncs.obs)
276  KERNEL.GetModuleHandle                             Setup.obs
277  KERNEL.WriteFile                                   iswi.obl(HelperFuncs.obs)
278  KERNEL32.CloseHandle                               Setup.obs
279  KERNEL32.CreateFileA                               Setup.obs
280  KERNEL32.DeleteFileA                               Setup.obs
281  KERNEL32.FindClose                                 Setup.obs
282  KERNEL32.FindFirstFileA                            Setup.obs
283  KERNEL32.FindNextFileA                             Setup.obs
284  KERNEL32.FormatMessageA                            Setup.obs
285  KERNEL32.FreeLibrary                               Setup.obs
286  KERNEL32.GetCurrentDirectoryA                      Setup.obs
287  KERNEL32.GetDriveType                              Setup.obs
288  KERNEL32.GetFileAttributesA                        Setup.obs
289  KERNEL32.GetLocalTime                              Setup.obs
290  KERNEL32.GetLocaleInfo                             Setup.obs
291  KERNEL32.GetPrivateProfileString                   Setup.obs
292  KERNEL32.GetPrivateProfileStringA                  Setup.obs
293  KERNEL32.GetProcAddress                            Setup.obs
294  KERNEL32.GetProfileStringA                         Setup.obs
295  KERNEL32.GetSystemDefaultLCID                      Setup.obs
296  KERNEL32.GetSystemDefaultLangID                    Setup.obs
297  KERNEL32.GetSystemDefaultUILanguage                Setup.obs
298  KERNEL32.GetUserDefaultLangID                      Setup.obs
299  KERNEL32.GetVersion                                Setup.obs
300  KERNEL32.GetVersionEx                              Setup.obs
301  KERNEL32.GetVolumeInformation                      Setup.obs
302  KERNEL32.GetWindowsDirectory                       Setup.obs
303  KERNEL32.GetWindowsDirectoryA                      Setup.obs
304  KERNEL32.LoadLibraryA                              Setup.obs
305  KERNEL32.SetCurrentDirectoryA                      Setup.obs
306  KERNEL32.SetFileAttributesA                        Setup.obs
307  KERNEL32.WritePrivateProfileString                 Setup.obs
308  KERNEL32.lstrlen                                   Setup.obs
309  Kernel32.GetModuleHandleA                          iswi.obl(ComponentConv.obs)
310  LOWORD                                             isrt.obl(Misc.obs)
311  LaunchAppAndWaitInitStartupInfo                    isrt.obl(Extend.obs)
312  LaunchApplicationInit                              isrt.obl(Extend.obs)
313  ListAddItem                                        isrt.obl(scrlist.obs)
314  ListAddString                                      isrt.obl(scrlist.obs)
315  ListConvertStrToNum                                isrt.obl(scrlist.obs)
316  ListCount                                          isrt.obl(scrlist.obs)
317  ListCreate                                         isrt.obl(scrlist.obs)
318  ListCurrentString                                  isrt.obl(scrlist.obs)
319  ListDeleteItem                                     isrt.obl(scrlist.obs)
320  ListDeleteString                                   isrt.obl(scrlist.obs)
321  ListDestroy                                        isrt.obl(scrlist.obs)
322  ListFindItem                                       isrt.obl(scrlist.obs)
323  ListFindString                                     isrt.obl(scrlist.obs)
324  ListGetFirstItem                                   isrt.obl(scrlist.obs)
325  ListGetFirstString                                 isrt.obl(scrlist.obs)
326  ListGetLastString                                  iswi.obl(CompHelperFuncs.obs)
327  ListGetNextItem                                    isrt.obl(scrlist.obs)
328  ListGetNextString                                  isrt.obl(scrlist.obs)
329  ListGetType                                        isrt.obl(scrlist.obs)
330  ListSetIndex                                       isrt.obl(scrlist.obs)
331  ListValid                                          isrt.obl(scrlist.obs)
332  ListValidType                                      isrt.obl(scrlist.obs)
333  LoadStringFromStringTable                          iswi.obl(ISWiInit.obs)
334  LongPathToQuote                                    isrt.obl(Str.obs)
335  MAKELONG                                           isrt.obl(Misc.obs)
336  MIFCreateMIFFile                                   isrt.obl(MIF.obs)
337  MIFDeleteMIFFile                                   isrt.obl(MIF.obs)
338  MIFInitialize                                      isrt.obl(MIF.obs)
339  MIFSetInformation                                  isrt.obl(MIF.obs)
340  MIFUnInitialize                                    isrt.obl(MIF.obs)
341  MIFWasSetInformationCalled                         isrt.obl(MIF.obs)
342  MediaGetDataEx                                     iswi.obl(FeatureConv.obs)
343  MessageBeep                                        isrt.obl(Misc.obs)
344  MessageBox                                         isrt.obl(ISRTScriptDialogsPriv.obs)
345  MessageBoxEx                                       isrt.obl(ISRTScriptDialogsPriv.obs)
346  Moved                                              iswi.obl(FileTransferFuncsConv.obs)
347  Moving                                             iswi.obl(FileTransferFuncsConv.obs)
348  MsiCloseHandle                                     iswi.obl(MsiFuncsConv.obs)
349  MsiCreateRecord                                    iswi.obl(MsiFuncsConv.obs)
350  MsiDatabaseOpenView                                iswi.obl(MsiFuncsConv.obs)
351  MsiDoAction                                        iswi.obl(MsiFuncsConv.obs)
352  MsiGetActiveDatabase                               iswi.obl(MsiFuncsConv.obs)
353  MsiGetMode                                         iswi.obl(MsiFuncsConv.obs)
354  MsiGetProperty                                     iswi.obl(MsiFuncsConv.obs)
355  MsiGetPropertyIS                                   iswi.obl(MsiFuncsConv.obs)
356  MsiGetSourcePath                                   iswi.obl(MsiFuncsConv.obs)
357  MsiGetTargetPath                                   iswi.obl(MsiFuncsConv.obs)
358  MsiInstallProduct                                  iswi.obl(MsiFuncsConv.obs)
359  MsiProcessMessage                                  iswi.obl(MsiFuncsConv.obs)
360  MsiQueryFeatureState                               iswi.obl(MsiFuncsConv.obs)
361  MsiRecordGetInteger                                iswi.obl(MsiFuncsConv.obs)
362  MsiRecordGetString                                 iswi.obl(MsiFuncsConv.obs)
363  MsiRecordReadStream                                iswi.obl(MsiFuncsConv.obs)
364  MsiRecordSetString                                 iswi.obl(MsiFuncsConv.obs)
365  MsiSetProperty                                     iswi.obl(MsiFuncsConv.obs)
366  MsiSetTargetPath                                   iswi.obl(MsiFuncsConv.obs)
367  MsiViewClose                                       iswi.obl(MsiFuncsConv.obs)
368  MsiViewExecute                                     iswi.obl(MsiFuncsConv.obs)
369  MsiViewFetch                                       iswi.obl(MsiFuncsConv.obs)
370  OnAbort                                            iswi.obl(DriverConv.obs)
371  OnAction                                           iswi.obl(ISWiInit.obs)
372  OnAdminInstallUIAfter                              iswi.obl(DriverConv.obs)
373  OnAdminInstallUIBefore                             iswi.obl(DriverConv.obs)
374  OnAdminPatchUIAfter                                iswi.obl(DriverConv.obs)
375  OnAdminPatchUIBefore                               iswi.obl(DriverConv.obs)
376  OnAdvertisementAfter                               iswi.obl(DriverConv.obs)
377  OnAdvertisementBefore                              iswi.obl(DriverConv.obs)
378  OnAppSearch                                        iswi.obl(DriverConv.obs)
379  OnBegin                                            iswi.obl(DriverConv.obs)
380  OnCCPSearch                                        iswi.obl(DriverConv.obs)
381  OnCanceling                                        iswi.obl(DriverConv.obs)
382  OnComponentError                                   iswi.obl(DriverConv.obs)
383  OnDIFxLogCallback                                  isrt.obl(ISDIFx.obs)
384  OnDIFxLogCallbackImpl                              isrt.obl(ISDIFx.obs)
385  OnEnd                                              iswi.obl(DriverConv.obs)
386  OnError                                            iswi.obl(DriverConv.obs)
387  OnException                                        iswi.obl(DriverConv.obs)
388  OnFeaturesInstalled                                iswi.obl(FileTransferFuncsConv.obs)
389  OnFeaturesInstalling                               iswi.obl(FileTransferFuncsConv.obs)
390  OnFileError                                        iswi.obl(Exceptions.obs)
391  OnFileLocked                                       iswi.obl(Exceptions.obs)
392  OnFileReadOnly                                     iswi.obl(Exceptions.obs)
393  OnFilesInUse                                       iswi.obl(DriverConv.obs)
394  OnFilterComponents                                 iswi.obl(DriverConv.obs)
395  OnFirstUIAfter                                     iswi.obl(DriverConv.obs)
396  OnFirstUIBefore                                    iswi.obl(DriverConv.obs)
397  OnGeneratedMSIScript                               iswi.obl(DriverConv.obs)
398  OnGeneratingMSIScript                              iswi.obl(DriverConv.obs)
399  OnHelp                                             iswi.obl(DriverConv.obs)
400  OnInstallFilesActionAfter                          iswi.obl(DriverConv.obs)
401  OnInstallFilesActionBefore                         iswi.obl(DriverConv.obs)
402  OnInternetError                                    iswi.obl(Exceptions.obs)
403  OnLaunchAppAndWaitCallback                         iswi.obl(DriverConv.obs)
404  OnLogonUserSetMsiProperties                        iswi.obl(DriverConv.obs)
405  OnMD5Error                                         iswi.obl(Exceptions.obs)
406  OnMaintUIAfter                                     iswi.obl(DriverConv.obs)
407  OnMaintUIBefore                                    iswi.obl(DriverConv.obs)
408  OnMaintenance                                      iswi.obl(DriverConv.obs)
409  OnMoved                                            iswi.obl(DriverConv.obs)
410  OnMoving                                           iswi.obl(DriverConv.obs)
411  OnMsiSilentInstall                                 iswi.obl(DriverConv.obs)
412  OnNetApiCreateUserAccountInternal                  isrt.obl(NetApiRT.obs)
413  OnNextDisk                                         iswi.obl(Exceptions.obs)
414  OnOutOfDiskSpace                                   iswi.obl(DriverConv.obs)
415  OnPatchUIAfter                                     iswi.obl(DriverConv.obs)
416  OnPatchUIBefore                                    iswi.obl(DriverConv.obs)
417  OnRMFilesInUse                                     iswi.obl(DriverConv.obs)
418  OnRebooted                                         iswi.obl(DriverConv.obs)
419  OnRemovingSharedFile                               iswi.obl(Exceptions.obs)
420  OnResume                                           iswi.obl(DriverConv.obs)
421  OnResumeUIAfter                                    iswi.obl(DriverConv.obs)
422  OnResumeUIBefore                                   iswi.obl(DriverConv.obs)
423  OnSQLLogin                                         SQLCONV.obl(EventsConv.obs)
424  OnSelfRegistrationError                            iswi.obl(Exceptions.obs)
425  OnUnhandledException                               iswi.obl(DriverConv.obs)
426  OnUninstall                                        iswi.obl(DriverConv.obs)
427  OnUpdateService                                    iswi.obl(DriverConv.obs)
428  OnWarning                                          iswi.obl(DriverConv.obs)
429  OpenFile                                           isrt.obl(Files.obs)
430  OpenFileMode                                       isrt.obl(Files.obs)
431  ParsePath                                          isrt.obl(Str.obs)
432  PopulateColumnHeaders                              isrt.obl(ISRTScriptDialogs.obs)
433  PopulateListView                                   isrt.obl(ISRTScriptDialogs.obs)
434  PostShowComponentDlg                               iswi.obl(ISWiInit.obs)
435  Postprogram                                        iswi.obl(DriverConv.obs)
436  PreShowComponentDlg                                iswi.obl(ISWiInit.obs)
437  Preprogram                                         iswi.obl(DriverConv.obs)
438  ProgramEeuiPostInstall                             iswi.obl(DriverConv.obs)
439  ProgramEeuiPreInstall                              iswi.obl(DriverConv.obs)
440  PthFixPath                                         isrt.obl(Pth.obs)
441  PthIsAbsPath                                       isrt.obl(Pth.obs)
442  RebootNeeded                                       iswi.obl(FileTransferFuncsConv.obs)
443  RedirectMsiCloseHandle                             iswi.obl(RedirectedMsiFuncsConv.obs)
444  RedirectMsiCreateRecord                            iswi.obl(RedirectedMsiFuncsConv.obs)
445  RedirectMsiGetActiveDatabase                       iswi.obl(RedirectedMsiFuncsConv.obs)
446  RedirectMsiGetMode                                 iswi.obl(RedirectedMsiFuncsConv.obs)
447  RedirectMsiProcessMessage                          iswi.obl(RedirectedMsiFuncsConv.obs)
448  RedirectMsiRecordGetInteger                        iswi.obl(RedirectedMsiFuncsConv.obs)
449  RedirectMsiRecordReadStream                        iswi.obl(RedirectedMsiFuncsConv.obs)
450  RedirectMsiViewClose                               iswi.obl(RedirectedMsiFuncsConv.obs)
451  RedirectMsiViewExecute                             iswi.obl(RedirectedMsiFuncsConv.obs)
452  RedirectMsiViewFetch                               iswi.obl(RedirectedMsiFuncsConv.obs)
453  RegDBGetItem                                       isrt.obl(Registry.obs)
454  RegDBGetKeyValueEx                                 isrt.obl(Registry.obs)
455  RegDBQueryValue                                    isrt.obl(Registry.obs)
456  RegDBQueryValue32                                  isrt.obl(Registry.obs)
457  ReleaseDialog                                      isrt.obl(CustomDialog.obs)
458  RemoveSpaces                                       iswi.obl(HelperFuncs.obs)
459  ResolveShellObjectsFolder                          iswi.obl(CompHelperFuncs.obs)
460  SQLBrowse2                                         SQLCONV.obl(SQLBrowse.obs)
461  SQLDatabaseBrowse                                  SQLCONV.obl(SQLBrowse.obs)
462  SQLRTGetConnectionAuthentication                   SQLCONV.obl(SQLConv.obs)
463  SQLRTGetConnectionInfo                             SQLCONV.obl(SQLConv.obs)
464  SQLRTGetConnections                                SQLCONV.obl(SQLConv.obs)
465  SQLRTGetDatabases                                  SQLCONV.obl(SQLConv.obs)
466  SQLRTGetServers                                    SQLCONV.obl(SQLConv.obs)
467  SQLRTGetServers2                                   SQLCONV.obl(SQLConv.obs)
468  SQLRTInitialize2                                   SQLCONV.obl(SQLConv.obs)
469  SQLRTPutConnectionAuthentication                   SQLCONV.obl(SQLConv.obs)
470  SQLRTPutConnectionInfo                             SQLCONV.obl(SQLConv.obs)
471  SQLRTPutConnectionInfo2                            SQLCONV.obl(SQLConv.obs)
472  SQLRTServerValidate                                SQLCONV.obl(SQLConv.obs)
473  SQLRTTestConnection                                SQLCONV.obl(SQLConv.obs)
474  SQLRTTestConnection2                               SQLCONV.obl(SQLConv.obs)
475  SQLServerSelectLogin2                              SQLCONV.obl(SQLServerSelectLoginDlg.obs)
476  SdAskDestPath                                      isrt.obl(ISRTScriptDialogs.obs)
477  SdCloseDlg                                         isrt.obl(SDINT.obs)
478  SdComponentDlgCheckSpace                           isrt.obl(SDINT.obs)
479  SdDiskSpace2                                       isrt.obl(ISRTScriptDialogs.obs)
480  SdDlgToTop                                         isrt.obl(SDINT.obs)
481  SdDoStdButton                                      isrt.obl(SDINT.obs)
482  SdEnablement                                       isrt.obl(SDINT.obs)
483  SdError                                            isrt.obl(SDINT.obs)
484  SdFeatureTree                                      isrt.obl(ISRTScriptDialogs.obs)
485  SdFilesInUse                                       isrt.obl(ISRTScriptDialogs.obs)
486  SdFinish                                           isrt.obl(ISRTScriptDialogs.obs)
487  SdFinishReboot                                     isrt.obl(ISRTScriptDialogs.obs)
488  SdGeneralInit                                      isrt.obl(SDINT.obs)
489  SdInit                                             isrt.obl(SDINT.obs)
490  SdIsStdButton                                      isrt.obl(SDINT.obs)
491  SdLoadString                                       isrt.obl(SDINT.obs)
492  SdMakeName                                         isrt.obl(SDINT.obs)
493  SdPatchWelcome                                     isrt.obl(ISRTScriptDialogs.obs)
494  SdPlugInProductName                                isrt.obl(SDINT.obs)
495  SdRMFilesInUse                                     isrt.obl(ISRTScriptDialogs.obs)
496  SdRegisterUser                                     isrt.obl(ISRTScriptDialogs.obs)
497  SdSetDlgTitle                                      isrt.obl(SDINT.obs)
498  SdSetStatic                                        isrt.obl(SDINT.obs)
499  SdSetupCompleteError                               isrt.obl(ISRTScriptDialogs.obs)
500  SdShowMsg                                          isrt.obl(ISRTScriptDialogsPriv.obs)
501  SdStartCopy2                                       isrt.obl(ISRTScriptDialogs.obs)
502  SdSubstituteProductInfo                            isrt.obl(SDINT.obs)
503  SdUnInit                                           isrt.obl(SDINT.obs)
504  SdWelcome                                          isrt.obl(ISRTScriptDialogs.obs)
505  SdWelcomeMaint                                     isrt.obl(ISRTScriptDialogs.obs)
506  SelectDir                                          isrt.obl(ISRTScriptDialogsPriv.obs)
507  SelectDirNoLog                                     isrt.obl(ISRTScriptDialogsPriv.obs)
508  SendMessage                                        isrt.obl(Misc.obs)
509  ServiceInitParams                                  isrt.obl(Service.obs)
510  SetCmdLine                                         isrt.obl(SysVars.obs)
511  SetDisplayEffect                                   isrt.obl(ui.obs)
512  SetExtendedErrInfo                                 isrt.obl(IsUtil.obs)
513  SetGlobalVars                                      iswi.obl(ISWiInit.obs)
514  SetInstallationInfo                                isrt.obl(Registry.obs)
515  SetMifInformationOnly                              isrt.obl(Registry.obs)
516  SetStatusExStaticText                              isrt.obl(ui.obs)
517  SetStatusWindow                                    isrt.obl(ui.obs)
518  SetTitle                                           isrt.obl(ui.obs)
519  SetupTraceWrite                                    isrt.obl(Misc.obs)
520  SetupType2                                         isrt.obl(ISRTScriptDialogs.obs)
521  SilentDoGeneralInfo                                isrt.obl(Silent.obs)
522  SilentFailed                                       isrt.obl(Silent.obs)
523  SilentFinish                                       isrt.obl(Silent.obs)
524  SilentInit                                         isrt.obl(Silent.obs)
525  SilentReadData                                     isrt.obl(Silent.obs)
526  SilentSetInfo                                      isrt.obl(Silent.obs)
527  SilentSetMode                                      isrt.obl(Silent.obs)
528  SilentWriteData                                    isrt.obl(Silent.obs)
529  Sprintf                                            isrt.obl(Str.obs)
530  SprintfBox                                         isrt.obl(ISRTScriptDialogsPriv.obs)
531  SprintfMsiLog                                      iswi.obl(HelperFuncs.obs)
532  StrAddLastSlash                                    isrt.obl(Str.obs)
533  StrConvertSizeUnit                                 isrt.obl(Str.obs)
534  StrDelete                                          iswi.obl(HelperFuncs.obs)
535  StrFindEx                                          isrt.obl(Str.obs)
536  StrGetTokens                                       isrt.obl(Str.obs)
537  StrLength                                          isrt.obl(Str.obs)
538  StrParseMSIMessage                                 isrt.obl(Str.obs)
539  StrRemoveLastSlash                                 isrt.obl(Str.obs)
540  StrReplace                                         isrt.obl(Str.obs)
541  StrToNumHex                                        isrt.obl(Str.obs)
542  StrToUpper                                         isrt.obl(Str.obs)
543  StrTrim                                            isrt.obl(Str.obs)
544  StreamFileFromBinary                               iswi.obl(HelperFuncs.obs)
545  SysVarsInit                                        isrt.obl(SysVars.obs)
546  SysVarsInitConv                                    iswi.obl(SysVarsConv.obs)
547  SysVarsTrace                                       isrt.obl(SysVars.obs)
548  SysVarsUnInit                                      iswi.obl(SysVarsConv.obs)
549  System                                             isrt.obl(Misc.obs)
550  SystemRestoreCancelRestorePointIS                  isrt.obl(PCRestore.obs)
551  SystemRestoreCloseRestorePointIS                   isrt.obl(PCRestore.obs)
552  SystemRestoreDisableIS                             isrt.obl(PCRestore.obs)
553  SystemRestoreIsEnabledIS                           isrt.obl(PCRestore.obs)
554  SystemRestoreOpenRestorePointIS                    isrt.obl(PCRestore.obs)
555  TextSubGetValue                                    isrt.obl(TextSub.obs)
556  TextSubParseTextSub                                isrt.obl(TextSub.obs)
557  TextSubSetValue                                    isrt.obl(TextSub.obs)
558  TreeViewCreate                                     isrt.obl(CmptView.obs)
559  USER.EnableWindow                                  Setup.obs
560  USER.GetClassName                                  Setup.obs
561  USER.GetDC                                         Setup.obs
562  USER.GetDlgItem                                    Setup.obs
563  USER.GetFocus                                      Setup.obs
564  USER.GetWindowLong                                 Setup.obs
565  USER.GetWindowRect                                 Setup.obs
566  USER.IsIconic                                      Setup.obs
567  USER.IsWindow                                      Setup.obs
568  USER.ReleaseDC                                     Setup.obs
569  USER.SendMessageA                                  Setup.obs
570  USER.SetFocus                                      Setup.obs
571  USER.SetWindowPos                                  Setup.obs
572  USER.SetWindowText                                 Setup.obs
573  USER.ShowWindow                                    Setup.obs
574  USER32.CharUpperBuffA                              Setup.obs
575  USER32.DestroyWindow                               Setup.obs
576  USER32.GetDesktopWindow                            Setup.obs
577  USER32.GetSystemMetrics                            Setup.obs
578  USER32.GetWindowText                               Setup.obs
579  USER32.GetWindowTextLength                         Setup.obs
580  USER32.IsWindowVisible                             Setup.obs
581  USER32.MessageBoxA                                 Setup.obs
582  USER32.SendMessageA                                Setup.obs
583  USER32.SetForegroundWindow                         Setup.obs
584  USER32.SetWindowLong                               Setup.obs
585  USER32.SetWindowRgn                                Setup.obs
586  UpdateDirectoryPathForIsMsiEeui                    iswi.obl(HelperFuncs.obs)
587  UpdateServiceEnableUpdateService                   isrt.obl(ISUpdateService.obs)
588  User32.LoadStringA                                 iswi.obl(ComponentConv.obs)
589  VarInit                                            isrt.obl(SysVars.obs)
590  VarRestore                                         iswi.obl(SysVarsConv.obs)
591  VarRestoreISRT                                     isrt.obl(SysVars.obs)
592  VarSave                                            iswi.obl(SysVarsConv.obs)
593  VarSaveISRT                                        isrt.obl(SysVars.obs)
594  VerCompare                                         isrt.obl(version.obs)
595  VerProductGetInstalledVersion                      isrt.obl(version.obs)
596  VerProductNumToStr                                 isrt.obl(version.obs)
597  VerProductVerPartsFromVer                          isrt.obl(version.obs)
598  WaitOnDialog                                       isrt.obl(CustomDialog.obs)
599  WriteLine                                          isrt.obl(Files.obs)
600  __AddStringToArray                                 iswi.obl(HelperFuncs.obs)
601  __Begin                                            iswi.obl(DriverConv.obs)
602  __ComponentListItemsEx                             iswi.obl(CompHelperFuncs.obs)
603  __ComponentListItemsExInstall                      iswi.obl(CompHelperFuncs.obs)
604  __ComponentListItemsExUnInstall                    iswi.obl(CompHelperFuncs.obs)
605  __ComponentMoveXferData                            iswi.obl(CompHelperFuncs.obs)
606  __End                                              iswi.obl(DriverConv.obs)
607  __GetFinishMode                                    iswi.obl(ISWiInit.obs)
608  __GetMsiHandle                                     iswi.obl(SysVarsConv.obs)
609  __GetSourceDir                                     iswi.obl(SysVarsConv.obs)
610  __HandleError                                      iswi.obl(ErrHandler.obs)
611  __ISRTDoExit                                       isrt.obl(Misc.obs)
612  __ISRTInit                                         isrt.obl(ISRTInit.obs)
613  __ISRTRestoreMainLog                               isrt.obl(ISRTInit.obs)
614  __ISRTRestoreMainLogEx                             isrt.obl(ISRTInit.obs)
615  __ISRTSetComponentLog                              isrt.obl(ISRTInit.obs)
616  __ISRTUnInit                                       isrt.obl(ISRTInit.obs)
617  __ISWIInit                                         iswi.obl(ISWiInit.obs)
618  __ISWIMsiHandle                                    iswi.obl(ISWiInit.obs)
619  __ISWIUnInit                                       iswi.obl(ISWiInit.obs)
620  __IsArrayEmpty                                     iswi.obl(HelperFuncs.obs)
621  __LoadIScriptString                                isrt.obl(LoadStr.obs)
622  __Moved                                            iswi.obl(FileTransferFuncsConv.obs)
623  __Moving                                           iswi.obl(FileTransferFuncsConv.obs)
624  __MsiOpenView                                      iswi.obl(CompHelperFuncs.obs)
625  __MsiQueryFeatureState                             iswi.obl(MsiWrappersConv.obs)
626  __MsiRecordGetString                               iswi.obl(MsiWrappersConv.obs)
627  __OnAbort                                          iswi.obl(DriverConv.obs)
628  __OnAdminPatch                                     iswi.obl(DriverConv.obs)
629  __OnAdministrativeInstall                          iswi.obl(DriverConv.obs)
630  __OnAdvertisement                                  iswi.obl(DriverConv.obs)
631  __OnBegin                                          iswi.obl(DriverConv.obs)
632  __OnCanceling                                      iswi.obl(DriverConv.obs)
633  __OnEnd                                            iswi.obl(DriverConv.obs)
634  __OnError                                          iswi.obl(DriverConv.obs)
635  __OnMsiMaintenance                                 iswi.obl(DriverConv.obs)
636  __OnMsiRebooted                                    iswi.obl(DriverConv.obs)
637  __OnMsiSilentInstall                               iswi.obl(DriverConv.obs)
638  __OnMsiUninstall                                   iswi.obl(DriverConv.obs)
639  __OnPatch                                          iswi.obl(DriverConv.obs)
640  __OnResume                                         iswi.obl(DriverConv.obs)
641  __OnWarning                                        iswi.obl(DriverConv.obs)
642  __ResetMsiObject                                   iswi.obl(ISWiInit.obs)
643  __SetMaintenance                                   iswi.obl(ISWiInit.obs)
644  __SetMsiHandle                                     iswi.obl(SysVarsConv.obs)
645  __SetMsiServer                                     iswi.obl(ISWiInit.obs)
646  __SetPatch                                         iswi.obl(SysVarsConv.obs)
647  __SetSourceDir                                     iswi.obl(SysVarsConv.obs)
648  isrt._ComponentGetData                             iswi.obl(ComponentConv.obs)
649  isrt._ComponentIsItemSelected                      iswi.obl(ComponentConv.obs)
650  isrt._ComponentListItems                           iswi.obl(ComponentConv.obs)
651  isrt._ComponentReinstall                           iswi.obl(ComponentConv.obs)
652  isrt._ComponentRemoveAll                           iswi.obl(ComponentConv.obs)
653  isrt._ComponentSelectItem                          iswi.obl(ComponentConv.obs)
654  isrt._ComponentSetupTypeSet                        iswi.obl(ComponentConv.obs)
655  isrt._EnableDialogCache                            iswi.obl(ISWiInit.obs)
656  msi.MsiCloseHandle                                 iswi.obl(RedirectedMsiFuncsConv.obs)
657  msi.MsiCreateRecord                                iswi.obl(RedirectedMsiFuncsConv.obs)
658  msi.MsiDatabaseOpenViewA                           Setup.obs
659  msi.MsiDoActionA                                   Setup.obs
660  msi.MsiGetActiveDatabase                           iswi.obl(RedirectedMsiFuncsConv.obs)
661  msi.MsiGetMode                                     iswi.obl(RedirectedMsiFuncsConv.obs)
662  msi.MsiGetProductInfoA                             Setup.obs
663  msi.MsiGetPropertyA                                Setup.obs
664  msi.MsiGetSourcePathA                              Setup.obs
665  msi.MsiGetTargetPathA                              Setup.obs
666  msi.MsiProcessMessage                              iswi.obl(RedirectedMsiFuncsConv.obs)
667  msi.MsiQueryFeatureStateA                          Setup.obs
668  msi.MsiRecordGetInteger                            iswi.obl(RedirectedMsiFuncsConv.obs)
669  msi.MsiRecordGetStringA                            Setup.obs
670  msi.MsiRecordReadStream                            iswi.obl(RedirectedMsiFuncsConv.obs)
671  msi.MsiRecordSetStringA                            Setup.obs
672  msi.MsiSetPropertyA                                Setup.obs
673  msi.MsiSetTargetPathA                              Setup.obs
674  msi.MsiViewClose                                   iswi.obl(RedirectedMsiFuncsConv.obs)
675  msi.MsiViewExecute                                 iswi.obl(RedirectedMsiFuncsConv.obs)
676  msi.MsiViewFetch                                   iswi.obl(RedirectedMsiFuncsConv.obs)
677  program                                            iswi.obl(DriverConv.obs)
678  sfc.SRSetRestorePoint                              Setup.obs


***** External Variables *****
1    ADDREMOVE                                          iswi.obl(SysVarsConv.obs)
2    ADDREMOVE_COMBINEDBUTTON                           Setup.obs
3    ADDREMOVE_HIDECHANGEOPTION                         Setup.obs
4    ADDREMOVE_HIDEREMOVEOPTION                         Setup.obs
5    ADDREMOVE_HIDEREPAIROPTION                         Setup.obs
6    ADDREMOVE_STRING_REMOVEONLY                        Setup.obs
7    ADDREMOVE_SYSTEMCOMPONENT                          Setup.obs
8    ADMINUSER                                          Setup.obs
9    ALLUSERS                                           Setup.obs
10   AdminToolsFolder                                   iswi.obl(DebugSymbolsConv.obs)
11   AppDataFolder                                      iswi.obl(DebugSymbolsConv.obs)
12   BASICMSI                                           iswi.obl(SysVarsConv.obs)
13   BATCH_INSTALL                                      Setup.obs
14   CMDLINE                                            iswi.obl(SysVarsConv.obs)
15   COMMONFILES                                        iswi.obl(SysVarsConv.obs)
16   COMMONFILES64                                      iswi.obl(SysVarsConv.obs)
17   CommonAppDataFolder                                iswi.obl(DebugSymbolsConv.obs)
18   CommonFiles64Folder                                iswi.obl(DebugSymbolsConv.obs)
19   CommonFilesFolder                                  iswi.obl(DebugSymbolsConv.obs)
20   DISABLE_ALLUSERBTN                                 Setup.obs
21   DISABLE_PERUSERBTN                                 Setup.obs
22   DISK1SETUPEXENAME                                  iswi.obl(SysVarsConv.obs)
23   DISK1TARGET                                        Setup.obs
24   DesktopFolder                                      iswi.obl(DebugSymbolsConv.obs)
25   ENABLED_ISERVICES                                  iswi.obl(SysVarsConv.obs)
26   ENGINECOMMONDIR                                    iswi.obl(SysVarsConv.obs)
27   ENGINEDIR                                          iswi.obl(SysVarsConv.obs)
28   ERRORFILENAME                                      Setup.obs
29   ERRORINFO                                          iswi.obl(ComponentConv.obs)
30   Err                                                Setup.obs
31   FEATURE                                            iswi.obl(ComponentConv.obs)
32   FILEERROR                                          iswi.obl(ComponentConv.obs)
33   FILETIME                                           Setup.obs
34   FIND_DATA                                          Setup.obs
35   FOLDER_APPDATA                                     iswi.obl(SysVarsConv.obs)
36   FOLDER_COMMON_APPDATA                              iswi.obl(SysVarsConv.obs)
37   FOLDER_DESKTOP                                     iswi.obl(SysVarsConv.obs)
38   FOLDER_DOTNET_10                                   iswi.obl(SysVarsConv.obs)
39   FOLDER_DOTNET_11                                   iswi.obl(SysVarsConv.obs)
40   FOLDER_DOTNET_20                                   iswi.obl(SysVarsConv.obs)
41   FOLDER_DOTNET_30                                   iswi.obl(SysVarsConv.obs)
42   FOLDER_DOTNET_35                                   iswi.obl(SysVarsConv.obs)
43   FOLDER_FONTS                                       iswi.obl(SysVarsConv.obs)
44   FOLDER_LOCAL_APPDATA                               iswi.obl(SysVarsConv.obs)
45   FOLDER_PERSONAL                                    iswi.obl(SysVarsConv.obs)
46   FOLDER_PROGRAMS                                    iswi.obl(SysVarsConv.obs)
47   FOLDER_STARTMENU                                   iswi.obl(SysVarsConv.obs)
48   FOLDER_STARTUP                                     iswi.obl(SysVarsConv.obs)
49   FOLDER_TEMP                                        iswi.obl(SysVarsConv.obs)
50   FavoritesFolder                                    iswi.obl(DebugSymbolsConv.obs)
51   FileRegistrar                                      Setup.obs
52   FontsFolder                                        iswi.obl(DebugSymbolsConv.obs)
53   HIDE_DISABLED_BTNS                                 Setup.obs
54   HKEYCURRENTROOTKEY                                 Setup.obs
55   IFX_COMPANY_NAME                                   Setup.obs
56   IFX_INSTALLED_DISPLAY_VERSION                      Setup.obs
57   IFX_INSTALLED_VERSION                              Setup.obs
58   IFX_KEYPATH_PRODUCT_INFO                           Setup.obs
59   IFX_MULTI_INSTANCE_SUFFIX                          Setup.obs
60   IFX_NETAPI_GROUP                                   Setup.obs
61   IFX_NETAPI_PASSWORD                                Setup.obs
62   IFX_NETAPI_USER_ACCOUNT                            Setup.obs
63   IFX_OPEN_RESTORE_POINT                             isrt.obl(PCRestore.obs)
64   IFX_PRODUCT_COMMENTS                               Setup.obs
65   IFX_PRODUCT_DISPLAY_NAME                           Setup.obs
66   IFX_PRODUCT_DISPLAY_VERSION                        Setup.obs
67   IFX_PRODUCT_ICON                                   Setup.obs
68   IFX_PRODUCT_KEY                                    Setup.obs
69   IFX_PRODUCT_NAME                                   Setup.obs
70   IFX_PRODUCT_README                                 Setup.obs
71   IFX_PRODUCT_REGISTEREDCOMPANY                      Setup.obs
72   IFX_PRODUCT_REGISTEREDOWNER                        Setup.obs
73   IFX_PRODUCT_REGISTEREDSERIALNUM                    Setup.obs
74   IFX_PRODUCT_SUPPORT_CONTACT                        Setup.obs
75   IFX_PRODUCT_SUPPORT_PHONE                          Setup.obs
76   IFX_PRODUCT_SUPPORT_URL                            Setup.obs
77   IFX_PRODUCT_UPDATE_URL                             Setup.obs
78   IFX_PRODUCT_URL                                    Setup.obs
79   IFX_PRODUCT_VERSION                                Setup.obs
80   IFX_RESTORE_DISABLED                               isrt.obl(PCRestore.obs)
81   IFX_SETUP_TITLE                                    Setup.obs
82   IFX_SUPPORTED_VERSIONS                             Setup.obs
83   IISROOTFOLDER                                      iswi.obl(SysVarsConv.obs)
84   INSTALLDIR                                         Setup.obs
85   INSTALLSCRIPTMSI                                   iswi.obl(SysVarsConv.obs)
86   INSTALLSCRIPTMSIEEUI                               iswi.obl(SysVarsConv.obs)
87   INSTANCE_GUID                                      iswi.obl(SysVarsConv.obs)
88   ISDIFXAPPID                                        Setup.obs
89   ISMSI_HANDLE                                       iswi.obl(DebugSymbolsConv.obs)
90   ISRES                                              iswi.obl(SysVarsConv.obs)
91   ISUSER                                             iswi.obl(SysVarsConv.obs)
92   ISUTIL_FUNCTION_ACTUAL_ERROR                       Setup.obs
93   ISUTIL_FUNCTION_ERROR                              iswi.obl(CompHelperFuncs.obs)
94   ISUTIL_LINE_NUMBER                                 Setup.obs
95   ISUTIL_POSITIVE_ERROR                              iswi.obl(CompHelperFuncs.obs)
96   ISUTIL_SCRIPT_FILE                                 Setup.obs
97   ISVERSION                                          iswi.obl(SysVarsConv.obs)
98   IS_NULLSTR_PTR                                     Setup.obs
99   LAAW_PARAMETERS                                    Setup.obs
100  LAAW_SHELLEXECUTEINFO                              Setup.obs
101  LAAW_SHELLEXECUTEVERB                              Setup.obs
102  LAAW_STARTUPINFO                                   Setup.obs
103  LAST_RESULT                                        Setup.obs
104  LVITEM                                             Setup.obs
105  LV_COLUMN                                          Setup.obs
106  LocalAppDataFolder                                 iswi.obl(DebugSymbolsConv.obs)
107  LogDB                                              Setup.obs
108  MAINTENANCE                                        iswi.obl(SysVarsConv.obs)
109  MAINT_OPTION                                       iswi.obl(SysVarsConv.obs)
110  MEDIA                                              Setup.obs
111  MEDIA_INFO                                         iswi.obl(FeatureConv.obs)
112  MODE                                               Setup.obs
113  MULTI_INSTANCE_COUNT                               iswi.obl(SysVarsConv.obs)
114  MainWindow                                         Setup.obs
115  MyPicturesFolder                                   iswi.obl(DebugSymbolsConv.obs)
116  NOTHING                                            Setup.obs
117  NetHoodFolder                                      iswi.obl(DebugSymbolsConv.obs)
118  OSINFO_PLATFORM_INFO                               Setup.obs
119  OSINFO_PROCESSOR_INFO                              Setup.obs
120  OSVERSIONINFO                                      Setup.obs
121  OSVERSIONINFOEX                                    Setup.obs
122  Objects                                            Setup.obs
123  OriginalDatabase                                   iswi.obl(DebugSymbolsConv.obs)
124  PACKAGE_LOCATION                                   iswi.obl(SysVarsConv.obs)
125  PATCH                                              iswi.obl(DebugSymbolsConv.obs)
126  PRIVILEGED                                         Setup.obs
127  PRODUCT_GUID                                       iswi.obl(SysVarsConv.obs)
128  PROGRAMFILES                                       iswi.obl(SysVarsConv.obs)
129  PROGRAMFILES64                                     iswi.obl(SysVarsConv.obs)
130  PersonalFolder                                     iswi.obl(DebugSymbolsConv.obs)
131  PrintHoodFolder                                    iswi.obl(DebugSymbolsConv.obs)
132  ProgramFiles64Folder                               iswi.obl(DebugSymbolsConv.obs)
133  ProgramFilesFolder                                 iswi.obl(DebugSymbolsConv.obs)
134  ProgramMenuFolder                                  iswi.obl(DebugSymbolsConv.obs)
135  RECT                                               Setup.obs
136  REGDB_OPTIONS                                      Setup.obs
137  REINSTALLMODE                                      iswi.obl(SysVarsConv.obs)
138  REMOVEALLMODE                                      iswi.obl(SysVarsConv.obs)
139  REMOVEONLY                                         iswi.obl(SysVarsConv.obs)
140  RUN_ONCE_PROGRAM                                   iswi.obl(SysVarsConv.obs)
141  Reboot                                             Setup.obs
142  RecentFolder                                       iswi.obl(DebugSymbolsConv.obs)
143  SELECTED_LANGUAGE                                  iswi.obl(SysVarsConv.obs)
144  SERVICE_IS_PARAMS                                  Setup.obs
145  SETUPTYPE_STR_COMPACT                              Setup.obs
146  SETUPTYPE_STR_COMPLETE                             Setup.obs
147  SETUPTYPE_STR_CUSTOM                               Setup.obs
148  SETUPTYPE_STR_TYPICAL                              Setup.obs
149  SHAREDSUPPORTDIR                                   iswi.obl(SysVarsConv.obs)
150  SHELLEXECUTEINFO                                   Setup.obs
151  SHELL_OBJECT_FOLDER                                Setup.obs
152  SHOW_PASSWORD_DIALOG                               iswi.obl(SysVarsConv.obs)
153  SRCDIR                                             Setup.obs
154  SRCDISK                                            iswi.obl(SysVarsConv.obs)
155  STANDARD_SELECTED_LANGUAGE                         iswi.obl(SysVarsConv.obs)
156  STARTUPINFO                                        Setup.obs
157  SUPPORTDIR                                         iswi.obl(SysVarsConv.obs)
158  SYSINFO                                            Setup.obs
159  SYSPROCESSORINFO                                   Setup.obs
160  SYSTEMTIME                                         Setup.obs
161  SendToFolder                                       iswi.obl(DebugSymbolsConv.obs)
162  SetupInfo                                          Setup.obs
163  SourceDir                                          iswi.obl(DebugSymbolsConv.obs)
164  StartMenuFolder                                    iswi.obl(DebugSymbolsConv.obs)
165  StartupFolder                                      iswi.obl(DebugSymbolsConv.obs)
166  StatusDlg                                          Setup.obs
167  System16Folder                                     iswi.obl(DebugSymbolsConv.obs)
168  System64Folder                                     iswi.obl(DebugSymbolsConv.obs)
169  SystemFolder                                       iswi.obl(DebugSymbolsConv.obs)
170  TARGETDIR                                          Setup.obs
171  TARGETDISK                                         iswi.obl(SysVarsConv.obs)
172  TempFolder                                         iswi.obl(DebugSymbolsConv.obs)
173  TemplateFolder                                     iswi.obl(DebugSymbolsConv.obs)
174  TextSub                                            Setup.obs
175  UNINST                                             Setup.obs
176  UNINSTALLKEY                                       Setup.obs
177  UNINSTALL_DISPLAYNAME                              Setup.obs
178  UNINSTALL_STRING                                   Setup.obs
179  UPDATEMODE                                         Setup.obs
180  WINDIR                                             iswi.obl(SysVarsConv.obs)
181  WINDISK                                            iswi.obl(SysVarsConv.obs)
182  WINSYSDIR                                          iswi.obl(SysVarsConv.obs)
183  WINSYSDIR64                                        iswi.obl(SysVarsConv.obs)
184  WINSYSDISK                                         iswi.obl(SysVarsConv.obs)
185  WindowsFolder                                      iswi.obl(DebugSymbolsConv.obs)
186  WindowsVolume                                      iswi.obl(DebugSymbolsConv.obs)
187  _INT64                                             Setup.obs
188  _LAAW_PARAMETERS                                   Setup.obs
189  _RESTOREPOINTINFO                                  Setup.obs
190  _SERVICE_IS_PARAMS                                 Setup.obs
191  _STATEMGRSTATUS                                    Setup.obs
192  _WIN9X                                             Setup.obs
193  _WINNT                                             Setup.obs
194  __gbAliasingOff                                    iswi.obl(CompHelperFuncs.obs)
195  __gbCheckForUpdate                                 iswi.obl(CompHelperFuncs.obs)
196  __gbGetTarget                                      iswi.obl(CompHelperFuncs.obs)
197  __gbInitialized                                    iswi.obl(CompHelperFuncs.obs)
198  __gbInstallInfo                                    Setup.obs
199  __gbMaintenance                                    iswi.obl(CompHelperFuncs.obs)
200  __gbReopening                                      iswi.obl(CompHelperFuncs.obs)
201  __ghActiveDataBase                                 iswi.obl(CompHelperFuncs.obs)
202  __ghErrFileHandle                                  iswi.obl(CompHelperFuncs.obs)
203  __ghMsiInstall                                     iswi.obl(CompHelperFuncs.obs)
204  __gnButtonSelected                                 iswi.obl(CompHelperFuncs.obs)
205  __gnLastError                                      iswi.obl(CompHelperFuncs.obs)
206  __gnMsiReturn                                      iswi.obl(CompHelperFuncs.obs)
207  __gnOSMask                                         iswi.obl(CompHelperFuncs.obs)
208  __gnScriptMode                                     iswi.obl(CompHelperFuncs.obs)
209  __goISDriver                                       iswi.obl(CompHelperFuncs.obs)
210  __goMsiServer                                      iswi.obl(CompHelperFuncs.obs)
211  __gsINSTALLDIR                                     iswi.obl(CompHelperFuncs.obs)
212  __gsProductGuid                                    iswi.obl(CompHelperFuncs.obs)
213  __gsSourceDir                                      iswi.obl(CompHelperFuncs.obs)
214  __hContext                                         Setup.obs
215  __objGlobalTextSub                                 Setup.obs
216  __objStringTable                                   iswi.obl(ISWiInit.obs)
217  __szGUID                                           Setup.obs
218  bBackButton                                        Setup.obs
219  bCancelButton                                      Setup.obs
220  bEnterDiskBeep                                     Setup.obs
221  bFinishButton                                      Setup.obs
222  bInstall16                                         Setup.obs
223  bNextButton                                        Setup.obs
224  bSdInit                                            Setup.obs
225  bViewCmptKunits                                    Setup.obs
226  bViewCmptUseDecimal                                Setup.obs
227  g_bSQLRTInitialized                                Setup.obs
228  g_bSuppressMissingStringWarning                    iswi.obl(DriverConv.obs)
229  g_nDlgAskPath                                      Setup.obs
230  nDlgMessageBox                                     Setup.obs
231  nDlgSQLSELECTLOGIN                                 Setup.obs
232  nDlgSelectDir                                      Setup.obs
233  nDlgSetupType2                                     Setup.obs
234  nDlgSprintfBox                                     Setup.obs
235  nSdAskDestPath                                     Setup.obs
236  nSdComponentTree                                   Setup.obs
237  nSdDiskSpaceRequirements                           Setup.obs
238  nSdFinish                                          Setup.obs
239  nSdFinishReboot                                    Setup.obs
240  nSdOutOfDiskSpace                                  Setup.obs
241  nSdPatchWelcome                                    Setup.obs
242  nSdRegisterUser                                    Setup.obs
243  nSdStartCopy2                                      Setup.obs
244  nSdWelcome                                         Setup.obs
245  nSdWelcomeMaint                                    Setup.obs
246  szAppKey                                           Setup.obs
247  szSdProduct                                        Setup.obs
248  szSdStr_NotEnoughSpace                             Setup.obs
